[
  {
    "name": "evolution",
    "lastModif": 1757694383
  },
  {
    "name": "tag",
    "lastModif": 1738189734
  },
  {
    "name": "user",
    "lastModif": 1738189737
  },
  {
    "name": "__table__",
    "lastModif": 1757694383
  }
]
